=== Blog Build Started ===
Copying project to dist/...
  Copied: lunar.js -> dist/lunar.js
  Cleaned: dist/blog/posts/ (Markdown sources)
  Cleaned: dist/blog/posts-zh/ (Markdown sources)
Found 39 English articles
DASHSCOPE_API_KEY not set — skipping product translation sync.
DASHSCOPE_API_KEY not set — skipping auto-translation.
  Set DASHSCOPE_API_KEY in Vercel env to enable automatic zh translation.
  Generated: dist/blog/10-home-feng-shui-hacks-that-actually-work-backed-by-energy-psychology.html
  Generated: dist/blog/3-places-to-visit-when-bad-luck.html
  Generated: dist/blog/auspicious-date-selection-a-practical-guide.html
  Generated: dist/blog/bazi-10-day-masters-guide.html
  Generated: dist/blog/bazi-10-year-luck-cycles-guide.html
  Generated: dist/blog/bazi-ten-gods-friendship-patterns.html
  Generated: dist/blog/ben-ming-nian-why-your-zodiac-year-matters-in-bazi.html
  Generated: dist/blog/birth-hours-wealth-personalities-a-western-friendly-guide.html
  Generated: dist/blog/chinese-zodiac-daily-forecast-thursday-april-16-2026.html
  Generated: dist/blog/door-facing-door-feng-shui-energy-clash.html
  Generated: dist/blog/elon-musk-bazi-chart-analysis.html
  Generated: dist/blog/feng-shui-4-items-dont-replace.html
  Generated: dist/blog/feng-shui-headboard-placement-5-rules.html
  Generated: dist/blog/feng-shui-home-office-7-rules.html
  Generated: dist/blog/feng-shui-tips-before-buying-house.html
  Generated: dist/blog/five-elements-theory-wu-xing-guide.html
  Generated: dist/blog/heavenly-stems-compatibility-love-match.html
  Generated: dist/blog/how-to-choose-the-best-date-for-any-important-life-event.html
  Generated: dist/blog/how-to-choose-your-phone-wallpaper-using-chinese-five-elements.html
  Generated: dist/blog/how-to-read-bazi-chart.html
  Generated: dist/blog/is-bazi-real-skeptics-guide.html
  Generated: dist/blog/is-weak-day-master-bad-bazi.html
  Generated: dist/blog/jia-wu-month-2026-best-day-masters.html
  Generated: dist/blog/jia-wu-month-june-2026-fire-energy-warning.html
  Generated: dist/blog/teach-yourself-bazi-guide.html
  Generated: dist/blog/learn-bazi-free-course.html
  Generated: dist/blog/love-prediction-by-date-of-birth.html
  Generated: dist/blog/seven-killings-bazi-wealth-star.html
  Generated: dist/blog/she-was-36-divorced-bazi-love-story.html
  Generated: dist/blog/the-mbti-alternative-angle.html
  Generated: dist/blog/toxic-relationship-energy-bazi-compatibility.html
  Generated: dist/blog/trump-bazi-fire-earth.html
  Generated: dist/blog/what-is-bazi-beginners-guide.html
  Generated: dist/blog/when-will-i-find-love.html
  Generated: dist/blog/where-will-i-meet-my-soulmate.html
  Generated: dist/blog/why-am-i-depressed-bazi-cycles-10-year-luck-periods-explained.html
  Generated: dist/blog/zodiac-reading-vs-bazi.html
  Generated: dist/blog/yi-wood-may-2026-gui-si-month.html
  Generated: dist/blog/five-virtues-five-elements.html
  Generated: dist/zh/blog/10-home-feng-shui-hacks-that-actually-work-backed-by-energy-psychology.html
  Generated: dist/zh/blog/3-places-to-visit-when-bad-luck.html
  Generated: dist/zh/blog/auspicious-date-selection-a-practical-guide.html
  Generated: dist/zh/blog/bazi-10-day-masters-guide.html
  Generated: dist/zh/blog/bazi-10-year-luck-cycles-guide.html
  Generated: dist/zh/blog/bazi-ten-gods-friendship-patterns.html
  Generated: dist/zh/blog/ben-ming-nian-why-your-zodiac-year-matters-in-bazi.html
  Generated: dist/zh/blog/birth-hours-wealth-personalities-a-western-friendly-guide.html
  Generated: dist/zh/blog/chinese-zodiac-daily-forecast-thursday-april-16-2026.html
  Generated: dist/zh/blog/door-facing-door-feng-shui-energy-clash.html
  Generated: dist/zh/blog/elon-musk-bazi-chart-analysis.html
  Generated: dist/zh/blog/feng-shui-4-items-dont-replace.html
  Generated: dist/zh/blog/feng-shui-headboard-placement-5-rules.html
  Generated: dist/zh/blog/feng-shui-home-office-7-rules.html
  Generated: dist/zh/blog/feng-shui-tips-before-buying-house.html
  Generated: dist/zh/blog/five-elements-theory-wu-xing-guide.html
  Generated: dist/zh/blog/heavenly-stems-compatibility-love-match.html
  Generated: dist/zh/blog/how-to-choose-the-best-date-for-any-important-life-event.html
  Generated: dist/zh/blog/how-to-choose-your-phone-wallpaper-using-chinese-five-elements.html
  Generated: dist/zh/blog/how-to-read-bazi-chart.html
  Generated: dist/zh/blog/is-bazi-real-skeptics-guide.html
  Generated: dist/zh/blog/is-weak-day-master-bad-bazi.html
  Generated: dist/zh/blog/jia-wu-month-2026-best-day-masters.html
  Generated: dist/zh/blog/jia-wu-month-june-2026-fire-energy-warning.html
  Generated: dist/zh/blog/teach-yourself-bazi-guide.html
  Generated: dist/zh/blog/learn-bazi-free-course.html
  Generated: dist/zh/blog/love-prediction-by-date-of-birth.html
  Generated: dist/zh/blog/seven-killings-bazi-wealth-star.html
  Generated: dist/zh/blog/she-was-36-divorced-bazi-love-story.html
  Generated: dist/zh/blog/the-mbti-alternative-angle.html
  Generated: dist/zh/blog/toxic-relationship-energy-bazi-compatibility.html
  Generated: dist/zh/blog/trump-bazi-fire-earth.html
  Generated: dist/zh/blog/what-is-bazi-beginners-guide.html
  Generated: dist/zh/blog/when-will-i-find-love.html
  Generated: dist/zh/blog/where-will-i-meet-my-soulmate.html
  Generated: dist/zh/blog/why-am-i-depressed-bazi-cycles-10-year-luck-periods-explained.html
  Generated: dist/zh/blog/zodiac-reading-vs-bazi.html
  Generated: dist/zh/blog/yi-wood-may-2026-gui-si-month.html
  Generated: dist/zh/blog/five-virtues-five-elements.html
  Updated: dist/blog/bazi-astrology.html (28 articles)
  Updated: dist/blog/zodiac-horoscope.html (1 articles)
  Updated: dist/blog/feng-shui.html (10 articles)
  Generated: dist/zh/blog/bazi-astrology.html (28 articles)
  Generated: dist/zh/blog/zodiac-horoscope.html (1 articles)
  Generated: dist/zh/blog/feng-shui.html (10 articles)
  Updated: dist/blog/index.html
  Generated: dist/zh/blog/index.html
Generating bazi-recommendations.json...
  Generated: bazi-calculator/bazi-recommendations.json (5 articles)
Injecting articles into homepage...
  Pinned: 6, Regular: 0, Total: 6
  Updated: index.html (6 articles: 6 pinned + 0 latest)
Generating zh homepage...
  Generated: dist/zh/index.html (6 zh articles)
Copying wallpaper pages...
  Generated: dist/wallpaper.html
  Generated: dist/wallpaper-detail.html (with injected wp-data)
  Generated: dist/wallpapers.json
Generating sitemap.xml...
  Generated: sitemap.xml (131 URLs)
Pinging Bing...
  Bing: 410 Gone
Generating clean URLs...
  about.html -> about/index.html
  admin\stats.html -> admin\stats/index.html
  almanac-cards-preview.html -> almanac-cards-preview/index.html
  almanac.html -> almanac/index.html
  bazi-calculator\bazi-result.html -> bazi-calculator\bazi-result/index.html
  bazi-calculator\debug-output.html -> bazi-calculator\debug-output/index.html
  bazi-form.html -> bazi-form/index.html
  bazi-orders.html -> bazi-orders/index.html
  blog\10-home-feng-shui-hacks-that-actually-work-backed-by-energy-psychology.html -> blog\10-home-feng-shui-hacks-that-actually-work-backed-by-energy-psychology/index.html
  blog\3-places-to-visit-when-bad-luck.html -> blog\3-places-to-visit-when-bad-luck/index.html
  blog\auspicious-date-selection-a-practical-guide.html -> blog\auspicious-date-selection-a-practical-guide/index.html
  blog\bazi-10-day-masters-guide.html -> blog\bazi-10-day-masters-guide/index.html
  blog\bazi-10-year-luck-cycles-guide.html -> blog\bazi-10-year-luck-cycles-guide/index.html
  blog\bazi-astrology.html -> blog\bazi-astrology/index.html
  blog\bazi-ten-gods-friendship-patterns.html -> blog\bazi-ten-gods-friendship-patterns/index.html
  blog\ben-ming-nian-why-your-zodiac-year-matters-in-bazi.html -> blog\ben-ming-nian-why-your-zodiac-year-matters-in-bazi/index.html
  blog\birth-hours-wealth-personalities-a-western-friendly-guide.html -> blog\birth-hours-wealth-personalities-a-western-friendly-guide/index.html
  blog\chinese-zodiac-daily-forecast-thursday-april-16-2026.html -> blog\chinese-zodiac-daily-forecast-thursday-april-16-2026/index.html
  blog\door-facing-door-feng-shui-energy-clash.html -> blog\door-facing-door-feng-shui-energy-clash/index.html
  blog\elon-musk-bazi-chart-analysis.html -> blog\elon-musk-bazi-chart-analysis/index.html
  blog\feng-shui-4-items-dont-replace.html -> blog\feng-shui-4-items-dont-replace/index.html
  blog\feng-shui-headboard-placement-5-rules.html -> blog\feng-shui-headboard-placement-5-rules/index.html
  blog\feng-shui-home-office-7-rules.html -> blog\feng-shui-home-office-7-rules/index.html
  blog\feng-shui-tips-before-buying-house.html -> blog\feng-shui-tips-before-buying-house/index.html
  blog\feng-shui.html -> blog\feng-shui/index.html
  blog\five-elements-theory-wu-xing-guide.html -> blog\five-elements-theory-wu-xing-guide/index.html
  blog\five-virtues-five-elements.html -> blog\five-virtues-five-elements/index.html
  blog\heavenly-stems-compatibility-love-match.html -> blog\heavenly-stems-compatibility-love-match/index.html
  blog\how-to-choose-the-best-date-for-any-important-life-event.html -> blog\how-to-choose-the-best-date-for-any-important-life-event/index.html
  blog\how-to-choose-your-phone-wallpaper-using-chinese-five-elements.html -> blog\how-to-choose-your-phone-wallpaper-using-chinese-five-elements/index.html
  blog\how-to-read-bazi-chart.html -> blog\how-to-read-bazi-chart/index.html
  blog\is-bazi-real-skeptics-guide.html -> blog\is-bazi-real-skeptics-guide/index.html
  blog\is-weak-day-master-bad-bazi.html -> blog\is-weak-day-master-bad-bazi/index.html
  blog\jia-wu-month-2026-best-day-masters.html -> blog\jia-wu-month-2026-best-day-masters/index.html
  blog\jia-wu-month-june-2026-fire-energy-warning.html -> blog\jia-wu-month-june-2026-fire-energy-warning/index.html
  blog\learn-bazi-free-course.html -> blog\learn-bazi-free-course/index.html
  blog\love-prediction-by-date-of-birth.html -> blog\love-prediction-by-date-of-birth/index.html
  blog\seven-killings-bazi-wealth-star.html -> blog\seven-killings-bazi-wealth-star/index.html
  blog\she-was-36-divorced-bazi-love-story.html -> blog\she-was-36-divorced-bazi-love-story/index.html
  blog\teach-yourself-bazi-guide.html -> blog\teach-yourself-bazi-guide/index.html
  blog\the-mbti-alternative-angle.html -> blog\the-mbti-alternative-angle/index.html
  blog\toxic-relationship-energy-bazi-compatibility.html -> blog\toxic-relationship-energy-bazi-compatibility/index.html
  blog\trump-bazi-fire-earth.html -> blog\trump-bazi-fire-earth/index.html
  blog\what-is-bazi-beginners-guide.html -> blog\what-is-bazi-beginners-guide/index.html
  blog\when-will-i-find-love.html -> blog\when-will-i-find-love/index.html
  blog\where-will-i-meet-my-soulmate.html -> blog\where-will-i-meet-my-soulmate/index.html
  blog\why-am-i-depressed-bazi-cycles-10-year-luck-periods-explained.html -> blog\why-am-i-depressed-bazi-cycles-10-year-luck-periods-explained/index.html
  blog\yi-wood-may-2026-gui-si-month.html -> blog\yi-wood-may-2026-gui-si-month/index.html
  blog\zodiac-horoscope.html -> blog\zodiac-horoscope/index.html
  blog\zodiac-reading-vs-bazi.html -> blog\zodiac-reading-vs-bazi/index.html
  checkout.html -> checkout/index.html
  culture.html -> culture/index.html
  favorable-element.html -> favorable-element/index.html
  feng-shui-home-office-7-rules-medium.html -> feng-shui-home-office-7-rules-medium/index.html
  five-elements-test.html -> five-elements-test/index.html
  guide.html -> guide/index.html
  learn-bazi\career-love.html -> learn-bazi\career-love/index.html
  learn-bazi\education-timing.html -> learn-bazi\education-timing/index.html
  learn-bazi\luck-pillars.html -> learn-bazi\luck-pillars/index.html
  learn-bazi\practical.html -> learn-bazi\practical/index.html
  learn-bazi\spirit-stars.html -> learn-bazi\spirit-stars/index.html
  learn-bazi\what-is-bazi.html -> learn-bazi\what-is-bazi/index.html
  learn-bazi.html -> learn-bazi/index.html
  login.html -> login/index.html
  order-confirm.html -> order-confirm/index.html
  payment-success.html -> payment-success/index.html
  privacy.html -> privacy/index.html
  product-detail.html -> product-detail/index.html
  redeem.html -> redeem/index.html
  reports\health-2026-04-24.html -> reports\health-2026-04-24/index.html
  reports\health-2026-04-25.html -> reports\health-2026-04-25/index.html
  reports\health-2026-04-26.html -> reports\health-2026-04-26/index.html
  reports\health-2026-04-27.html -> reports\health-2026-04-27/index.html
  reports\health-2026-04-28.html -> reports\health-2026-04-28/index.html
  reports\health-2026-04-29.html -> reports\health-2026-04-29/index.html
  reports\health-2026-04-30.html -> reports\health-2026-04-30/index.html
  reports\health-2026-05-01.html -> reports\health-2026-05-01/index.html
  reports\health-2026-05-06.html -> reports\health-2026-05-06/index.html
  reports\health-2026-05-07.html -> reports\health-2026-05-07/index.html
  reports\health-2026-05-08.html -> reports\health-2026-05-08/index.html
  reports\health-2026-05-09.html -> reports\health-2026-05-09/index.html
  reports\health-2026-05-10.html -> reports\health-2026-05-10/index.html
  reports\health-2026-05-11.html -> reports\health-2026-05-11/index.html
  reports\health-2026-05-12.html -> reports\health-2026-05-12/index.html
  reports\health-2026-05-13.html -> reports\health-2026-05-13/index.html
  reports\health-2026-05-14.html -> reports\health-2026-05-14/index.html
  reports\health-2026-05-15.html -> reports\health-2026-05-15/index.html
  reports\health-2026-05-16.html -> reports\health-2026-05-16/index.html
  reports\health-2026-05-17.html -> reports\health-2026-05-17/index.html
  reports\health-2026-05-18.html -> reports\health-2026-05-18/index.html
  reports\health-2026-05-22.html -> reports\health-2026-05-22/index.html
  shop.html -> shop/index.html
  soulmate-calculator.html -> soulmate-calculator/index.html
  success.html -> success/index.html
  terms.html -> terms/index.html
  wallpaper\wallpaper_1780233504\index.zh.html -> wallpaper\wallpaper_1780233504\index.zh/index.html
  wallpaper\wallpaper_1780233534\index.zh.html -> wallpaper\wallpaper_1780233534\index.zh/index.html
  wallpaper\wallpaper_1780324739\index.zh.html -> wallpaper\wallpaper_1780324739\index.zh/index.html
  wallpaper\wallpaper_1780324940\index.zh.html -> wallpaper\wallpaper_1780324940\index.zh/index.html
  wallpaper\wallpaper_1780325004\index.zh.html -> wallpaper\wallpaper_1780325004\index.zh/index.html
  wallpaper\wallpaper_1780325044\index.zh.html -> wallpaper\wallpaper_1780325044\index.zh/index.html
  wallpaper\wallpaper_1780326201\index.zh.html -> wallpaper\wallpaper_1780326201\index.zh/index.html
  wallpaper\wallpaper_1780326251\index.zh.html -> wallpaper\wallpaper_1780326251\index.zh/index.html
  wallpaper\wallpaper_1780326292\index.zh.html -> wallpaper\wallpaper_1780326292\index.zh/index.html
  wallpaper\wallpaper_1780326335\index.zh.html -> wallpaper\wallpaper_1780326335\index.zh/index.html
  wallpaper\wallpaper_1780326375\index.zh.html -> wallpaper\wallpaper_1780326375\index.zh/index.html
  wallpaper\wallpaper_1780326428\index.zh.html -> wallpaper\wallpaper_1780326428\index.zh/index.html
  wallpaper\wallpaper_1780326470\index.zh.html -> wallpaper\wallpaper_1780326470\index.zh/index.html
  wallpaper\wallpaper_1780326512\index.zh.html -> wallpaper\wallpaper_1780326512\index.zh/index.html
  wallpaper\wallpaper_1780326556\index.zh.html -> wallpaper\wallpaper_1780326556\index.zh/index.html
  wallpaper\wallpaper_1780326606\index.zh.html -> wallpaper\wallpaper_1780326606\index.zh/index.html
  wallpaper\wallpaper_1780326646\index.zh.html -> wallpaper\wallpaper_1780326646\index.zh/index.html
  wallpaper\wallpaper_1780326685\index.zh.html -> wallpaper\wallpaper_1780326685\index.zh/index.html
  wallpaper\wallpaper_1780326725\index.zh.html -> wallpaper\wallpaper_1780326725\index.zh/index.html
  wallpaper\wallpaper_1780326765\index.zh.html -> wallpaper\wallpaper_1780326765\index.zh/index.html
  wallpaper\wallpaper_1780326822\index.zh.html -> wallpaper\wallpaper_1780326822\index.zh/index.html
  wallpaper\wallpaper_1780326953\index.zh.html -> wallpaper\wallpaper_1780326953\index.zh/index.html
  wallpaper\wallpaper_1780327012\index.zh.html -> wallpaper\wallpaper_1780327012\index.zh/index.html
  wallpaper\wallpaper_1780327054\index.zh.html -> wallpaper\wallpaper_1780327054\index.zh/index.html
  wallpaper\wallpaper_1780327139\index.zh.html -> wallpaper\wallpaper_1780327139\index.zh/index.html
  wallpaper\wallpaper_1780327185\index.zh.html -> wallpaper\wallpaper_1780327185\index.zh/index.html
  wallpaper\wallpaper_1780393427\index.zh.html -> wallpaper\wallpaper_1780393427\index.zh/index.html
  wallpaper-detail.html -> wallpaper-detail/index.html
  wallpaper.html -> wallpaper/index.html
  yi-wood-may-2026-medium.html -> yi-wood-may-2026-medium/index.html
  zh\blog\10-home-feng-shui-hacks-that-actually-work-backed-by-energy-psychology.html -> zh\blog\10-home-feng-shui-hacks-that-actually-work-backed-by-energy-psychology/index.html
  zh\blog\3-places-to-visit-when-bad-luck.html -> zh\blog\3-places-to-visit-when-bad-luck/index.html
  zh\blog\auspicious-date-selection-a-practical-guide.html -> zh\blog\auspicious-date-selection-a-practical-guide/index.html
  zh\blog\bazi-10-day-masters-guide.html -> zh\blog\bazi-10-day-masters-guide/index.html
  zh\blog\bazi-10-year-luck-cycles-guide.html -> zh\blog\bazi-10-year-luck-cycles-guide/index.html
  zh\blog\bazi-astrology.html -> zh\blog\bazi-astrology/index.html
  zh\blog\bazi-ten-gods-friendship-patterns.html -> zh\blog\bazi-ten-gods-friendship-patterns/index.html
  zh\blog\ben-ming-nian-why-your-zodiac-year-matters-in-bazi.html -> zh\blog\ben-ming-nian-why-your-zodiac-year-matters-in-bazi/index.html
  zh\blog\birth-hours-wealth-personalities-a-western-friendly-guide.html -> zh\blog\birth-hours-wealth-personalities-a-western-friendly-guide/index.html
  zh\blog\chinese-zodiac-daily-forecast-thursday-april-16-2026.html -> zh\blog\chinese-zodiac-daily-forecast-thursday-april-16-2026/index.html
  zh\blog\door-facing-door-feng-shui-energy-clash.html -> zh\blog\door-facing-door-feng-shui-energy-clash/index.html
  zh\blog\elon-musk-bazi-chart-analysis.html -> zh\blog\elon-musk-bazi-chart-analysis/index.html
  zh\blog\feng-shui-4-items-dont-replace.html -> zh\blog\feng-shui-4-items-dont-replace/index.html
  zh\blog\feng-shui-headboard-placement-5-rules.html -> zh\blog\feng-shui-headboard-placement-5-rules/index.html
  zh\blog\feng-shui-home-office-7-rules.html -> zh\blog\feng-shui-home-office-7-rules/index.html
  zh\blog\feng-shui-tips-before-buying-house.html -> zh\blog\feng-shui-tips-before-buying-house/index.html
  zh\blog\feng-shui.html -> zh\blog\feng-shui/index.html
  zh\blog\five-elements-theory-wu-xing-guide.html -> zh\blog\five-elements-theory-wu-xing-guide/index.html
  zh\blog\five-virtues-five-elements.html -> zh\blog\five-virtues-five-elements/index.html
  zh\blog\heavenly-stems-compatibility-love-match.html -> zh\blog\heavenly-stems-compatibility-love-match/index.html
  zh\blog\how-to-choose-the-best-date-for-any-important-life-event.html -> zh\blog\how-to-choose-the-best-date-for-any-important-life-event/index.html
  zh\blog\how-to-choose-your-phone-wallpaper-using-chinese-five-elements.html -> zh\blog\how-to-choose-your-phone-wallpaper-using-chinese-five-elements/index.html
  zh\blog\how-to-read-bazi-chart.html -> zh\blog\how-to-read-bazi-chart/index.html
  zh\blog\is-bazi-real-skeptics-guide.html -> zh\blog\is-bazi-real-skeptics-guide/index.html
  zh\blog\is-weak-day-master-bad-bazi.html -> zh\blog\is-weak-day-master-bad-bazi/index.html
  zh\blog\jia-wu-month-2026-best-day-masters.html -> zh\blog\jia-wu-month-2026-best-day-masters/index.html
  zh\blog\jia-wu-month-june-2026-fire-energy-warning.html -> zh\blog\jia-wu-month-june-2026-fire-energy-warning/index.html
  zh\blog\learn-bazi-free-course.html -> zh\blog\learn-bazi-free-course/index.html
  zh\blog\love-prediction-by-date-of-birth.html -> zh\blog\love-prediction-by-date-of-birth/index.html
  zh\blog\seven-killings-bazi-wealth-star.html -> zh\blog\seven-killings-bazi-wealth-star/index.html
  zh\blog\she-was-36-divorced-bazi-love-story.html -> zh\blog\she-was-36-divorced-bazi-love-story/index.html
  zh\blog\teach-yourself-bazi-guide.html -> zh\blog\teach-yourself-bazi-guide/index.html
  zh\blog\the-mbti-alternative-angle.html -> zh\blog\the-mbti-alternative-angle/index.html
  zh\blog\toxic-relationship-energy-bazi-compatibility.html -> zh\blog\toxic-relationship-energy-bazi-compatibility/index.html
  zh\blog\trump-bazi-fire-earth.html -> zh\blog\trump-bazi-fire-earth/index.html
  zh\blog\what-is-bazi-beginners-guide.html -> zh\blog\what-is-bazi-beginners-guide/index.html
  zh\blog\when-will-i-find-love.html -> zh\blog\when-will-i-find-love/index.html
  zh\blog\where-will-i-meet-my-soulmate.html -> zh\blog\where-will-i-meet-my-soulmate/index.html
  zh\blog\why-am-i-depressed-bazi-cycles-10-year-luck-periods-explained.html -> zh\blog\why-am-i-depressed-bazi-cycles-10-year-luck-periods-explained/index.html
  zh\blog\yi-wood-may-2026-gui-si-month.html -> zh\blog\yi-wood-may-2026-gui-si-month/index.html
  zh\blog\zodiac-horoscope.html -> zh\blog\zodiac-horoscope/index.html
  zh\blog\zodiac-reading-vs-bazi.html -> zh\blog\zodiac-reading-vs-bazi/index.html
  zodiac\dog-en.html -> zodiac\dog-en/index.html
  zodiac\dog.html -> zodiac\dog/index.html
  zodiac\dragon-en.html -> zodiac\dragon-en/index.html
  zodiac\dragon.html -> zodiac\dragon/index.html
  zodiac\goat-en.html -> zodiac\goat-en/index.html
  zodiac\goat.html -> zodiac\goat/index.html
  zodiac\horse-en.html -> zodiac\horse-en/index.html
  zodiac\horse.html -> zodiac\horse/index.html
  zodiac\monkey-en.html -> zodiac\monkey-en/index.html
  zodiac\monkey.html -> zodiac\monkey/index.html
  zodiac\ox-en.html -> zodiac\ox-en/index.html
  zodiac\ox.html -> zodiac\ox/index.html
  zodiac\pig-en.html -> zodiac\pig-en/index.html
  zodiac\pig.html -> zodiac\pig/index.html
  zodiac\rabbit-en.html -> zodiac\rabbit-en/index.html
  zodiac\rabbit.html -> zodiac\rabbit/index.html
  zodiac\rat-en.html -> zodiac\rat-en/index.html
  zodiac\rat.html -> zodiac\rat/index.html
  zodiac\rooster-en.html -> zodiac\rooster-en/index.html
  zodiac\rooster.html -> zodiac\rooster/index.html
  zodiac\snake-en.html -> zodiac\snake-en/index.html
  zodiac\snake.html -> zodiac\snake/index.html
  zodiac\tiger-en.html -> zodiac\tiger-en/index.html
  zodiac\tiger.html -> zodiac\tiger/index.html
  zodiac\zodiac-daily.html -> zodiac\zodiac-daily/index.html
  zodiac\zodiac-detail.html -> zodiac\zodiac-detail/index.html
Notifying IndexNow...
  ✅ IndexNow notified: 131 URLs pushed to Bing/Yandex/Naver
=== Blog Build Complete ===
Syncing static pages...
  ✅ wallpaper.html → dist/
  ✅ login.html → dist/
  ✅ js/auth.js → dist/js/
